<html>
<body>
<pre>
<h1>礦ision Build Log</h1>
<h2>Tool Versions:</h2>
IDE-Version: μVision V5.42.0.0
Copyright (C) 2025 ARM Ltd and ARM Germany GmbH. All rights reserved.
License Information: 1 2163017591@qq.com, 1, LIC=CZLZX-HV241-II75V-P7S9F-L52IY-L0TV6
 
Tool Versions:
Toolchain:       MDK-ARM Plus  Version: 5.42.0.0
Toolchain Path:  E:\STM32\ARM\ARMCC\Bin
C Compiler:      Armcc.exe V5.06 update 6 (build 750)
Assembler:       Armasm.exe V5.06 update 6 (build 750)
Linker/Locator:  ArmLink.exe V5.06 update 6 (build 750)
Library Manager: ArmAr.exe V5.06 update 6 (build 750)
Hex Converter:   FromElf.exe V5.06 update 6 (build 750)
CPU DLL:         SARMCM3.DLL V5.42.0.0
Dialog DLL:      DCM.DLL V1.17.5.0
Target DLL:      CMSIS_AGDI.dll V1.33.22.0
Dialog DLL:      TCM.DLL V1.56.6.0
 
<h2>Project:</h2>
I:\programming\ST\FreeRTOS\watch-F103\MyProject\FreeRTOSWatch\MDK-ARM\FreeRTOSWatch.uvprojx
Project File Date:  08/09/2025

<h2>Output:</h2>
*** Using Compiler 'V5.06 update 6 (build 750)', folder: 'E:\STM32\ARM\ARMCC\Bin'
Build target 'FreeRTOSWatch'
compiling Data.c...
compiling ShowMenuTask.c...
..\MyTask\ShowMenuTask.c(66): warning:  #1-D: last line of file ends without a newline
  }
..\MyTask\ShowMenuTask.c(60): warning:  #177-D: variable "key_data"  was declared but never referenced
  	uint8_t key_data;
..\MyTask\ShowMenuTask.c(20): warning:  #177-D: variable "current_page"  was declared but never referenced
  static int current_page = 1;//菜单当前显示页数
..\MyTask\ShowMenuTask.c: 3 warnings, 0 errors
linking...
Program Size: Code=12100 RO-data=360 RW-data=160 ZI-data=8136  
FromELF: creating hex file...
"FreeRTOSWatch\FreeRTOSWatch.axf" - 0 Error(s), 3 Warning(s).

<h2>Software Packages used:</h2>

Package Vendor: ARM
                https://www.keil.com/pack/ARM.CMSIS.6.1.0.pack
                ARM::CMSIS@6.1.0
                CMSIS (Common Microcontroller Software Interface Standard)
   * Component: CORE Version: 6.1.0

Package Vendor: Keil
                http://www.keil.com/pack/Keil.STM32F1xx_DFP.2.3.0.pack
                Keil::STM32F1xx_DFP@2.3.0
                STMicroelectronics STM32F1 Series Device Support, Drivers and Examples

<h2>Collection of Component include folders:</h2>
  ./RTE/_FreeRTOSWatch
  E:/STM32/ARM/CMSIS/6.1.0/CMSIS/Core/Include
  E:/STM32/Keil/STM32F1xx_DFP/2.3.0/Device/Include

<h2>Collection of Component Files used:</h2>

   * Component: ARM::CMSIS:CORE@6.1.0
      Include file:  CMSIS/Core/Include/tz_context.h
Build Time Elapsed:  00:00:04
</pre>
</body>
</html>
